Подсказка для 'домик': ^^^^^
